30/09/2026 15:48:44 - ERROR - Erro ao inicializar o banco: 2003: Can't connect to MySQL server on 'localhost:3306' (Errno 10061: Nenhuma conexão pôde ser feita porque a máquina de destino as recusou ativamente)
Traceback (most recent call last):
  File "C:\Users\artur.costa\AppData\Roaming\Python\Python313\site-packages\mysql\connector\network.py", line 795, in open_connection
    self.sock.connect(sockaddr)
    ~~~~~~~~~~~~~~~~~^^^^^^^^^^
ConnectionRefusedError: [WinError 10061] Nenhuma conexão pôde ser feita porque a máquina de destino as recusou ativamente

The above exception was the direct cause of the following exception:

Traceback (most recent call last):
  File "C:\Users\artur.costa\Desktop\SistemaEstoque\database.py", line 35, in initialize_database
    conn = self.connect(include_database=False)
  File "C:\Users\artur.costa\Desktop\SistemaEstoque\database.py", line 28, in connect
    return mysql.connector.connect(**config)
           ~~~~~~~~~~~~~~~~~~~~~~~^^^^^^^^^^
  File "C:\Users\artur.costa\AppData\Roaming\Python\Python313\site-packages\mysql\connector\pooling.py", line 323, in connect
    return MySQLConnection(*args, **kwargs)
  File "C:\Users\artur.costa\AppData\Roaming\Python\Python313\site-packages\mysql\connector\connection.py", line 185, in __init__
    self.connect(**kwargs)
    ~~~~~~~~~~~~^^^^^^^^^^
  File "C:\Users\artur.costa\AppData\Roaming\Python\Python313\site-packages\mysql\connector\abstracts.py", line 1604, in connect
    self._open_connection()
    ~~~~~~~~~~~~~~~~~~~~~^^
  File "C:\Users\artur.costa\AppData\Roaming\Python\Python313\site-packages\mysql\connector\connection.py", line 411, in _open_connection
    raise err
  File "C:\Users\artur.costa\AppData\Roaming\Python\Python313\site-packages\mysql\connector\connection.py", line 382, in _open_connection
    self._socket.open_connection()
    ~~~~~~~~~~~~~~~~~~~~~~~~~~~~^^
  File "C:\Users\artur.costa\AppData\Roaming\Python\Python313\site-packages\mysql\connector\network.py", line 806, in open_connection
    raise InterfaceError(
    ...<2 lines>...
    ) from err
mysql.connector.errors.InterfaceError: 2003: Can't connect to MySQL server on 'localhost:3306' (Errno 10061: Nenhuma conexão pôde ser feita porque a máquina de destino as recusou ativamente)

The above exception was the direct cause of the following exception:

Traceback (most recent call last):
  File "C:\Users\artur.costa\Desktop\SistemaEstoque\main.py", line 16, in main
    database.initialize_database()
    ~~~~~~~~~~~~~~~~~~~~~~~~~~~~^^
  File "C:\Users\artur.costa\Desktop\SistemaEstoque\database.py", line 110, in initialize_database
    raise RuntimeError(f"Erro ao inicializar o banco: {error}") from error
RuntimeError: Erro ao inicializar o banco: 2003: Can't connect to MySQL server on 'localhost:3306' (Errno 10061: Nenhuma conexão pôde ser feita porque a máquina de destino as recusou ativamente)
